preflight ok; provenance written /Users/kendrick/Projects/pure-snn-learning/results_stage2/provenance.json; commit d04fbd9a4cfa97dd0f60dd4f5f685486f7a692d3
[1/100] arm=P seed=2 status=ok wall=180s elapsed=182s rss_peak=1.01GiB
[2/100] arm=P seed=4 status=ok wall=182s elapsed=183s rss_peak=1.02GiB
[3/100] arm=P seed=3 status=ok wall=182s elapsed=183s rss_peak=1.02GiB
[4/100] arm=P seed=0 status=ok wall=183s elapsed=185s rss_peak=1.03GiB
[5/100] arm=P seed=1 status=ok wall=186s elapsed=187s rss_peak=1.04GiB
[6/100] arm=P seed=5 status=ok wall=170s elapsed=352s rss_peak=1.04GiB
[7/100] arm=P seed=6 status=ok wall=171s elapsed=354s rss_peak=1.05GiB
[8/100] arm=P seed=7 status=ok wall=172s elapsed=356s rss_peak=1.05GiB
[9/100] arm=P seed=8 status=ok wall=173s elapsed=358s rss_peak=1.05GiB
[10/100] arm=P seed=9 status=ok wall=176s elapsed=363s rss_peak=1.06GiB
[11/100] arm=P seed=10 status=ok wall=169s elapsed=521s rss_peak=1.06GiB
[12/100] arm=P seed=11 status=ok wall=170s elapsed=524s rss_peak=1.06GiB
[13/100] arm=P seed=12 status=ok wall=170s elapsed=525s rss_peak=1.07GiB
[14/100] arm=P seed=13 status=ok wall=172s elapsed=530s rss_peak=1.07GiB
[15/100] arm=P seed=14 status=ok wall=174s elapsed=536s rss_peak=1.07GiB
[16/100] arm=P seed=15 status=ok wall=162s elapsed=683s rss_peak=1.07GiB
[17/100] arm=P seed=16 status=ok wall=162s elapsed=686s rss_peak=1.07GiB
[18/100] arm=P seed=17 status=ok wall=164s elapsed=689s rss_peak=1.07GiB
[19/100] arm=P seed=18 status=ok wall=163s elapsed=693s rss_peak=1.07GiB
[20/100] arm=P seed=19 status=ok wall=165s elapsed=701s rss_peak=1.08GiB
[21/100] arm=F0 seed=0 status=ok wall=154s elapsed=838s rss_peak=1.08GiB
[22/100] arm=F0 seed=1 status=ok wall=156s elapsed=843s rss_peak=1.08GiB
[23/100] arm=F0 seed=2 status=ok wall=157s elapsed=846s rss_peak=1.08GiB
[24/100] arm=F0 seed=3 status=ok wall=158s elapsed=851s rss_peak=1.08GiB
[25/100] arm=F0 seed=4 status=ok wall=161s elapsed=863s rss_peak=1.08GiB
[26/100] arm=F0 seed=5 status=ok wall=153s elapsed=990s rss_peak=1.08GiB
[27/100] arm=F0 seed=6 status=ok wall=151s elapsed=994s rss_peak=1.08GiB
[28/100] arm=F0 seed=7 status=ok wall=153s elapsed=998s rss_peak=1.09GiB
[29/100] arm=F0 seed=8 status=ok wall=153s elapsed=1004s rss_peak=1.09GiB
[30/100] arm=F0 seed=9 status=ok wall=157s elapsed=1020s rss_peak=1.09GiB
[31/100] arm=F0 seed=10 status=ok wall=152s elapsed=1143s rss_peak=1.09GiB
[32/100] arm=F0 seed=11 status=ok wall=153s elapsed=1147s rss_peak=1.09GiB
[33/100] arm=F0 seed=12 status=ok wall=154s elapsed=1152s rss_peak=1.09GiB
[34/100] arm=F0 seed=13 status=ok wall=154s elapsed=1158s rss_peak=1.09GiB
[35/100] arm=F0 seed=14 status=ok wall=158s elapsed=1178s rss_peak=1.09GiB
[36/100] arm=F0 seed=15 status=ok wall=157s elapsed=1300s rss_peak=1.10GiB
[37/100] arm=F0 seed=16 status=ok wall=157s elapsed=1305s rss_peak=1.10GiB
[38/100] arm=F0 seed=17 status=ok wall=159s elapsed=1311s rss_peak=1.10GiB
[39/100] arm=F0 seed=18 status=ok wall=159s elapsed=1317s rss_peak=1.10GiB
[40/100] arm=F0 seed=19 status=ok wall=161s elapsed=1339s rss_peak=1.10GiB
[41/100] arm=FS seed=0 status=ok wall=157s elapsed=1457s rss_peak=1.10GiB
[42/100] arm=FS seed=1 status=ok wall=157s elapsed=1461s rss_peak=1.10GiB
[43/100] arm=FS seed=2 status=ok wall=156s elapsed=1467s rss_peak=1.10GiB
[44/100] arm=FS seed=3 status=ok wall=158s elapsed=1475s rss_peak=1.11GiB
[45/100] arm=FS seed=4 status=ok wall=162s elapsed=1501s rss_peak=1.11GiB
[46/100] arm=FS seed=5 status=ok wall=161s elapsed=1617s rss_peak=1.11GiB
[47/100] arm=FS seed=6 status=ok wall=161s elapsed=1623s rss_peak=1.11GiB
[48/100] arm=FS seed=7 status=ok wall=162s elapsed=1628s rss_peak=1.11GiB
[49/100] arm=FS seed=8 status=ok wall=163s elapsed=1638s rss_peak=1.11GiB
[50/100] arm=FS seed=9 status=ok wall=164s elapsed=1665s rss_peak=1.11GiB
[51/100] arm=FS seed=10 status=ok wall=157s elapsed=1774s rss_peak=1.11GiB
[52/100] arm=FS seed=11 status=ok wall=157s elapsed=1780s rss_peak=1.11GiB
[53/100] arm=FS seed=12 status=ok wall=159s elapsed=1787s rss_peak=1.11GiB
[54/100] arm=FS seed=13 status=ok wall=160s elapsed=1797s rss_peak=1.11GiB
[55/100] arm=FS seed=14 status=ok wall=162s elapsed=1827s rss_peak=1.11GiB
[56/100] arm=FS seed=15 status=ok wall=163s elapsed=1937s rss_peak=1.11GiB
[57/100] arm=FS seed=16 status=ok wall=163s elapsed=1943s rss_peak=1.11GiB
[58/100] arm=FS seed=17 status=ok wall=164s elapsed=1951s rss_peak=1.12GiB
[59/100] arm=FS seed=18 status=ok wall=163s elapsed=1960s rss_peak=1.12GiB
[60/100] arm=FS seed=19 status=ok wall=166s elapsed=1993s rss_peak=1.12GiB
[61/100] arm=SC seed=0 status=ok wall=160s elapsed=2098s rss_peak=1.12GiB
[62/100] arm=SC seed=1 status=ok wall=162s elapsed=2105s rss_peak=1.12GiB
[63/100] arm=SC seed=2 status=ok wall=162s elapsed=2113s rss_peak=1.12GiB
[64/100] arm=SC seed=3 status=ok wall=164s elapsed=2123s rss_peak=1.12GiB
[65/100] arm=SC seed=4 status=ok wall=166s elapsed=2158s rss_peak=1.12GiB
[66/100] arm=SC seed=5 status=ok wall=161s elapsed=2258s rss_peak=1.12GiB
[67/100] arm=SC seed=6 status=ok wall=162s elapsed=2267s rss_peak=1.13GiB
[68/100] arm=SC seed=7 status=ok wall=163s elapsed=2276s rss_peak=1.13GiB
[69/100] arm=SC seed=8 status=ok wall=164s elapsed=2288s rss_peak=1.13GiB
[70/100] arm=SC seed=9 status=ok wall=171s elapsed=2330s rss_peak=1.13GiB
[71/100] arm=SC seed=10 status=ok wall=167s elapsed=2425s rss_peak=1.13GiB
[72/100] arm=SC seed=11 status=ok wall=167s elapsed=2433s rss_peak=1.13GiB
[73/100] arm=SC seed=12 status=ok wall=167s elapsed=2443s rss_peak=1.13GiB
[74/100] arm=SC seed=13 status=ok wall=168s elapsed=2455s rss_peak=1.13GiB
[75/100] arm=SC seed=14 status=ok wall=165s elapsed=2495s rss_peak=1.13GiB
[76/100] arm=SC seed=15 status=ok wall=161s elapsed=2587s rss_peak=1.13GiB
[77/100] arm=SC seed=16 status=ok wall=163s elapsed=2596s rss_peak=1.13GiB
[78/100] arm=SC seed=17 status=ok wall=164s elapsed=2607s rss_peak=1.13GiB
[79/100] arm=SC seed=18 status=ok wall=163s elapsed=2619s rss_peak=1.13GiB
[80/100] arm=SC seed=19 status=ok wall=171s elapsed=2666s rss_peak=1.13GiB
[81/100] arm=NS seed=0 status=ok wall=166s elapsed=2752s rss_peak=1.13GiB
[82/100] arm=NS seed=1 status=ok wall=165s elapsed=2761s rss_peak=1.13GiB
[83/100] arm=NS seed=2 status=ok wall=167s elapsed=2774s rss_peak=1.14GiB
[84/100] arm=NS seed=3 status=ok wall=168s elapsed=2787s rss_peak=1.14GiB
[85/100] arm=NS seed=4 status=ok wall=167s elapsed=2833s rss_peak=1.14GiB
[86/100] arm=NS seed=5 status=ok wall=161s elapsed=2913s rss_peak=1.14GiB
[87/100] arm=NS seed=6 status=ok wall=162s elapsed=2923s rss_peak=1.14GiB
[88/100] arm=NS seed=7 status=ok wall=163s elapsed=2936s rss_peak=1.14GiB
[89/100] arm=NS seed=8 status=ok wall=162s elapsed=2949s rss_peak=1.14GiB
[90/100] arm=NS seed=9 status=ok wall=165s elapsed=2998s rss_peak=1.14GiB
[91/100] arm=NS seed=10 status=ok wall=163s elapsed=3076s rss_peak=1.14GiB
[92/100] arm=NS seed=11 status=ok wall=165s elapsed=3087s rss_peak=1.14GiB
[93/100] arm=NS seed=12 status=ok wall=165s elapsed=3101s rss_peak=1.14GiB
[94/100] arm=NS seed=13 status=ok wall=167s elapsed=3116s rss_peak=1.14GiB
[95/100] arm=NS seed=14 status=ok wall=171s elapsed=3169s rss_peak=1.14GiB
[96/100] arm=NS seed=15 status=ok wall=163s elapsed=3239s rss_peak=1.14GiB
[97/100] arm=NS seed=16 status=ok wall=163s elapsed=3251s rss_peak=1.14GiB
[98/100] arm=NS seed=17 status=ok wall=163s elapsed=3264s rss_peak=1.14GiB
[99/100] arm=NS seed=18 status=ok wall=159s elapsed=3275s rss_peak=1.14GiB
[100/100] arm=NS seed=19 status=ok wall=148s elapsed=3316s rss_peak=1.14GiB
VERDICT INVALID_OR_MECHANISM_FAIL: 6.2_frozen_from_start_ci95_contains_0.50, 6.3_freeze_at_shift_B_differential_point_ge_0.10, 6.3_freeze_at_shift_B_differential_lower_gt_0, 6.4_scrambled_B_post_differential_point_ge_0.10, 6.4_scrambled_B_post_differential_lower_gt_0, 6.5_sfa_off_dW_gt0_A_and_B, 6.5_sfa_off_sign_of_life_A, 6.5_sfa_off_sign_of_life_B, 8_primary_sign_of_life_B
{"gate0": false, "gate1": false, "gate2": false, "gate3": false, "gate4": true}
